version: '3.6'
services:
  database:
    build: ./postgres
    restart: always
    volumes:
      - db_data:/var/lib/postgresql/data
    environment:
      POSTGRES_PASSWORD: postgres
    ports:
    - "5432:5432"
volumes:
  db_data:
