version: '3.6'
services:
  backend:
    image: hasura/graphql-engine
    depends_on:
      - database
    restart: always
    network_mode: host
    environment:
      HASURA_GRAPHQL_DATABASE_URL: postgres://postgres:postgres@localhost:5432/postgres
      HASURA_GRAPHQL_ENABLE_CONSOLE: "true"
      HASURA_GRAPHQL_DEV_MODE: "true"
      HASURA_GRAPHQL_ENABLED_LOG_TYPES: startup, http-log, webhook-log, websocket-log, query-log
