version: '3.6'
services:
  frontend:
    build: ./frontend
    restart: always
    ports:
      - "3000:80"
